// Vitest Snapshot v1, https://vitest.dev/guide/snapshot.html

exports[`TitleScreen.vue > スナップショットが一致する 1`] = `
"<div data-v-cb2ce24b="" class="title-screen">
  <h1 data-v-cb2ce24b="">タイピングゲーム</h1>
  <ul data-v-cb2ce24b="" class="instructions">
    <li data-v-cb2ce24b="">表示される文字列と同じように入力しましょう(制限時間あり！)</li>
    <li data-v-cb2ce24b="">「。」や「.」は不要です</li>
    <li data-v-cb2ce24b="">入力し終えたら、力強くエンターキーを押しましょう</li>
  </ul>
</div>
<button data-v-cb2ce24b="">スタート</button>"
`;
